[INFO] Scanning for projects...
[INFO] 
[INFO] -----------------< com.studypoint:studypoint-backend >------------------
[INFO] Building StudyPoint Backend 1.0.0
[INFO]   from pom.xml
[INFO] --------------------------------[ jar ]---------------------------------
[INFO] 
[INFO] --- clean:3.3.2:clean (default-clean) @ studypoint-backend ---
[INFO] Deleting D:\StudyPoint\backend\target
[INFO] 
[INFO] --- resources:3.3.1:resources (default-resources) @ studypoint-backend ---
[INFO] Copying 3 resources from src\main\resources to target\classes
[INFO] Copying 0 resource from src\main\resources to target\classes
[INFO] 
[INFO] --- compiler:3.13.0:compile (default-compile) @ studypoint-backend ---
[INFO] Recompiling the module because of changed source code.
[INFO] Compiling 214 source files with javac [debug parameters release 21] to target\classes
[WARNING] /D:/StudyPoint/backend/src/main/java/com/studypoint/backend/mapper/AssignmentSubmissionMapper.java:[16,34] Unmapped target properties: "assignmentId, studentId".
[WARNING] /D:/StudyPoint/backend/src/main/java/com/studypoint/backend/mapper/AssignmentSubmissionMapper.java:[22,26] Unmapped target properties: "id, createdAt, updatedAt, createdBy, updatedBy, active, assignment, student, submittedAt, status, marksObtained, feedback, gradedBy, gradedAt".
[WARNING] /D:/StudyPoint/backend/src/main/java/com/studypoint/backend/mapper/AssignmentMapper.java:[17,24] Unmapped target properties: "batchId, subjectId, teacherId".
[WARNING] /D:/StudyPoint/backend/src/main/java/com/studypoint/backend/mapper/AssignmentMapper.java:[23,16] Unmapped target properties: "id, createdAt, updatedAt, createdBy, updatedBy, active, batch, subject, teacher, status".
[WARNING] /D:/StudyPoint/backend/src/main/java/com/studypoint/backend/mapper/ParentMapper.java:[16,12] Unmapped target properties: "id, createdAt, updatedAt, createdBy, updatedBy, active".
[WARNING] /D:/StudyPoint/backend/src/main/java/com/studypoint/backend/mapper/ParentMapper.java:[19,10] Unmapped target properties: "id, createdAt, updatedAt, createdBy, updatedBy, active, user, students".
[WARNING] /D:/StudyPoint/backend/src/main/java/com/studypoint/backend/mapper/ParentMapper.java:[22,20] Unmapped target property: "userId".
[WARNING] /D:/StudyPoint/backend/src/main/java/com/studypoint/backend/mapper/StudentMapper.java:[17,13] Unmapped target properties: "id, createdAt, updatedAt, createdBy, updatedBy, active".
[WARNING] /D:/StudyPoint/backend/src/main/java/com/studypoint/backend/mapper/StudentMapper.java:[20,10] Unmapped target properties: "id, createdAt, updatedAt, createdBy, updatedBy, active, user, batch".
[WARNING] /D:/StudyPoint/backend/src/main/java/com/studypoint/backend/mapper/StudentMapper.java:[24,21] Unmapped target properties: "userId, batchId".
[WARNING] /D:/StudyPoint/backend/src/main/java/com/studypoint/backend/mapper/StudentMapper.java:[28,25] Unmapped target property: "userId".
[WARNING] /D:/StudyPoint/backend/src/main/java/com/studypoint/backend/mapper/TeacherMapper.java:[16,13] Unmapped target properties: "id, createdAt, updatedAt, createdBy, updatedBy, active".
[WARNING] /D:/StudyPoint/backend/src/main/java/com/studypoint/backend/mapper/TeacherMapper.java:[19,10] Unmapped target properties: "id, createdAt, updatedAt, createdBy, updatedBy, active, user".
[WARNING] /D:/StudyPoint/backend/src/main/java/com/studypoint/backend/mapper/TeacherMapper.java:[22,21] Unmapped target property: "userId".
[WARNING] /D:/StudyPoint/backend/src/main/java/com/studypoint/backend/mapper/TeacherMapper.java:[25,25] Unmapped target property: "userId".
[WARNING] /D:/StudyPoint/backend/src/main/java/com/studypoint/backend/mapper/AuthMapper.java:[12,10] Unmapped target properties: "id, createdAt, updatedAt, createdBy, updatedBy, active, dateOfBirth, gender, address, city, state, postalCode, country, profileImageUrl, emailVerified, phoneVerified, locked, failedAttempts, lastLoginAt, lastLoginIp, twoFactorEnabled, twoFactorSecret, resetToken, resetTokenExpiry, verificationToken, verificationTokenExpiry, notes".
[WARNING] /D:/StudyPoint/backend/src/main/java/com/studypoint/backend/mapper/EnrollmentMapper.java:[17,16] Unmapped target properties: "id, createdAt, updatedAt, createdBy, updatedBy, active, status, enrollmentDate, approvedBy, approvedAt".
[WARNING] /D:/StudyPoint/backend/src/main/java/com/studypoint/backend/mapper/EnrollmentMapper.java:[20,10] Unmapped target properties: "id, createdAt, updatedAt, createdBy, updatedBy, active, student, batch, status, enrollmentDate, approvedBy, approvedAt".
[WARNING] /D:/StudyPoint/backend/src/main/java/com/studypoint/backend/mapper/EnrollmentMapper.java:[24,24] Unmapped target properties: "studentId, batchId".
[WARNING] /D:/StudyPoint/backend/src/main/java/com/studypoint/backend/mapper/ExamMapper.java:[16,18] Unmapped target properties: "batchId, subjectId".
[WARNING] /D:/StudyPoint/backend/src/main/java/com/studypoint/backend/mapper/ExamMapper.java:[22,10] Unmapped target properties: "id, createdAt, updatedAt, createdBy, updatedBy, active, batch, subject, published".
[WARNING] /D:/StudyPoint/backend/src/main/java/com/studypoint/backend/mapper/UserMapper.java:[15,10] Unmapped target properties: "id, createdAt, updatedAt, createdBy, updatedBy, active, emailVerified, phoneVerified, locked, failedAttempts, lastLoginAt, lastLoginIp, twoFactorEnabled, twoFactorSecret, resetToken, resetTokenExpiry, verificationToken, verificationTokenExpiry, notes".
[WARNING] /D:/StudyPoint/backend/src/main/java/com/studypoint/backend/mapper/UserMapper.java:[22,10] Unmapped target properties: "id, createdAt, updatedAt, createdBy, updatedBy, active, emailVerified, phoneVerified, locked, failedAttempts, lastLoginAt, lastLoginIp, twoFactorEnabled, twoFactorSecret, resetToken, resetTokenExpiry, verificationToken, verificationTokenExpiry, notes".
[WARNING] /D:/StudyPoint/backend/src/main/java/com/studypoint/backend/mapper/TimetableMapper.java:[19,15] Unmapped target properties: "createdBy, updatedBy".
[WARNING] /D:/StudyPoint/backend/src/main/java/com/studypoint/backend/mapper/SubjectMapper.java:[18,13] Unmapped target properties: "createdBy, updatedBy".
[WARNING] /D:/StudyPoint/backend/src/main/java/com/studypoint/backend/mapper/TeacherAttendanceMapper.java:[12,23] Unmapped target properties: "id, createdAt, updatedAt, createdBy, updatedBy, active, markedBy".
[WARNING] /D:/StudyPoint/backend/src/main/java/com/studypoint/backend/mapper/TeacherAttendanceMapper.java:[15,31] Unmapped target property: "teacherId".
[WARNING] /D:/StudyPoint/backend/src/main/java/com/studypoint/backend/mapper/ResultMapper.java:[16,20] Unmapped target properties: "examId, studentId".
[WARNING] /D:/StudyPoint/backend/src/main/java/com/studypoint/backend/mapper/ResultMapper.java:[22,12] Unmapped target properties: "id, createdAt, updatedAt, createdBy, updatedBy, active, exam, student, passed, publishedBy, publishedAt".
[WARNING] /D:/StudyPoint/backend/src/main/java/com/studypoint/backend/mapper/AttendanceMapper.java:[14,16] Unmapped target properties: "id, createdAt, updatedAt, createdBy, updatedBy, active, markedBy".
[WARNING] /D:/StudyPoint/backend/src/main/java/com/studypoint/backend/mapper/AttendanceMapper.java:[18,24] Unmapped target properties: "studentId, batchId".
[WARNING] /D:/StudyPoint/backend/src/main/java/com/studypoint/backend/mapper/QuestionMapper.java:[14,22] Unmapped target property: "subjectId".
[WARNING] /D:/StudyPoint/backend/src/main/java/com/studypoint/backend/mapper/QuestionMapper.java:[19,14] Unmapped target properties: "id, createdAt, updatedAt, updatedBy, active, subject, createdBy, approved".
[WARNING] /D:/StudyPoint/backend/src/main/java/com/studypoint/backend/mapper/BatchMapper.java:[18,11] Unmapped target properties: "createdBy, updatedBy".
[WARNING] /D:/StudyPoint/backend/src/main/java/com/studypoint/backend/mapper/CourseMapper.java:[17,12] Unmapped target properties: "createdBy, updatedBy".
[INFO] 
[INFO] --- resources:3.3.1:testResources (default-testResources) @ studypoint-backend ---
[INFO] skip non existing resourceDirectory D:\StudyPoint\backend\src\test\resources
[INFO] 
[INFO] --- compiler:3.13.0:testCompile (default-testCompile) @ studypoint-backend ---
[INFO] No sources to compile
[INFO] 
[INFO] --- surefire:3.2.5:test (default-test) @ studypoint-backend ---
[INFO] Tests are skipped.
[INFO] 
[INFO] --- jar:3.4.2:jar (default-jar) @ studypoint-backend ---
[INFO] Building jar: D:\StudyPoint\backend\target\studypoint-backend-1.0.0.jar
[INFO] 
[INFO] --- spring-boot:3.3.5:repackage (repackage) @ studypoint-backend ---
[INFO] Replacing main artifact D:\StudyPoint\backend\target\studypoint-backend-1.0.0.jar with repackaged archive, adding nested dependencies in BOOT-INF/.
[INFO] The original artifact has been renamed to D:\StudyPoint\backend\target\studypoint-backend-1.0.0.jar.original
[INFO] ------------------------------------------------------------------------
[INFO] BUILD SUCCESS
[INFO] ------------------------------------------------------------------------
[INFO] Total time:  13.075 s
[INFO] Finished at: 2026-08-06T19:41:37+05:30
[INFO] ------------------------------------------------------------------------
BUILD_EXIT=0
